// Jest Snapshot v1, https://goo.gl/fbAQLP

exports[`Post List Component  should render state from store 1`] = `<div />`;

exports[`Post List Component should render state from store 1`] = `
<div>
  <div
    className="container"
  >
    <h4>
      No results
    </h4>
    <button
      onClick={[Function]}
    >
      Go back
    </button>
  </div>
</div>
`;
